// Jest Snapshot v1, https://goo.gl/fbAQLP

exports[`Button component tests 1`] = `
Object {
  "asFragment": [Function],
  "baseElement": <body>
    <div>
      <button
        class="btn 
    primary 
    
     
    "
        type="button"
      >
        Primary Button
      </button>
    </div>
    <div>
      <button
        class="btn 
    secondary 
    
     
    "
        type="button"
      >
        Secondary Button
      </button>
    </div>
    <div>
      <button
        class="btn 
    success 
    
     
    "
        type="button"
      >
        Success Button
      </button>
    </div>
    <div>
      <button
        class="btn 
    secondary 
    
     
    "
        type="button"
      >
        Danger Button
      </button>
    </div>
    <div>
      <button
        class="btn 
    info 
    
     
    "
        type="button"
      >
        Info Button
      </button>
    </div>
    <div>
      <button
        class="btn 
    warning 
    
     
    "
        type="button"
      >
        Warning Button
      </button>
    </div>
    <div>
      <button
        class="btn 
    light 
    
     
    "
        type="button"
      >
        Light Button
      </button>
    </div>
  </body>,
  "container": <div>
    <button
      class="btn 
    primary 
    
     
    "
      type="button"
    >
      Primary Button
    </button>
  </div>,
  "debug": [Function],
  "findAllByAltText": [Function],
  "findAllByDisplayValue": [Function],
  "findAllByLabelText": [Function],
  "findAllByPlaceholderText": [Function],
  "findAllByRole": [Function],
  "findAllByTestId": [Function],
  "findAllByText": [Function],
  "findAllByTitle": [Function],
  "findByAltText": [Function],
  "findByDisplayValue": [Function],
  "findByLabelText": [Function],
  "findByPlaceholderText": [Function],
  "findByRole": [Function],
  "findByTestId": [Function],
  "findByText": [Function],
  "findByTitle": [Function],
  "getAllByAltText": [Function],
  "getAllByDisplayValue": [Function],
  "getAllByLabelText": [Function],
  "getAllByPlaceholderText": [Function],
  "getAllByRole": [Function],
  "getAllByTestId": [Function],
  "getAllByText": [Function],
  "getAllByTitle": [Function],
  "getByAltText": [Function],
  "getByDisplayValue": [Function],
  "getByLabelText": [Function],
  "getByPlaceholderText": [Function],
  "getByRole": [Function],
  "getByTestId": [Function],
  "getByText": [Function],
  "getByTitle": [Function],
  "queryAllByAltText": [Function],
  "queryAllByDisplayValue": [Function],
  "queryAllByLabelText": [Function],
  "queryAllByPlaceholderText": [Function],
  "queryAllByRole": [Function],
  "queryAllByTestId": [Function],
  "queryAllByText": [Function],
  "queryAllByTitle": [Function],
  "queryByAltText": [Function],
  "queryByDisplayValue": [Function],
  "queryByLabelText": [Function],
  "queryByPlaceholderText": [Function],
  "queryByRole": [Function],
  "queryByTestId": [Function],
  "queryByText": [Function],
  "queryByTitle": [Function],
  "rerender": [Function],
  "unmount": [Function],
}
`;

exports[`Button component tests 2`] = `
Object {
  "asFragment": [Function],
  "baseElement": <body>
    <div>
      <button
        class="btn 
    primary 
    
     
    "
        type="button"
      >
        Primary Button
      </button>
    </div>
    <div>
      <button
        class="btn 
    secondary 
    
     
    "
        type="button"
      >
        Secondary Button
      </button>
    </div>
    <div>
      <button
        class="btn 
    success 
    
     
    "
        type="button"
      >
        Success Button
      </button>
    </div>
    <div>
      <button
        class="btn 
    secondary 
    
     
    "
        type="button"
      >
        Danger Button
      </button>
    </div>
    <div>
      <button
        class="btn 
    info 
    
     
    "
        type="button"
      >
        Info Button
      </button>
    </div>
    <div>
      <button
        class="btn 
    warning 
    
     
    "
        type="button"
      >
        Warning Button
      </button>
    </div>
    <div>
      <button
        class="btn 
    light 
    
     
    "
        type="button"
      >
        Light Button
      </button>
    </div>
  </body>,
  "container": <div>
    <button
      class="btn 
    secondary 
    
     
    "
      type="button"
    >
      Secondary Button
    </button>
  </div>,
  "debug": [Function],
  "findAllByAltText": [Function],
  "findAllByDisplayValue": [Function],
  "findAllByLabelText": [Function],
  "findAllByPlaceholderText": [Function],
  "findAllByRole": [Function],
  "findAllByTestId": [Function],
  "findAllByText": [Function],
  "findAllByTitle": [Function],
  "findByAltText": [Function],
  "findByDisplayValue": [Function],
  "findByLabelText": [Function],
  "findByPlaceholderText": [Function],
  "findByRole": [Function],
  "findByTestId": [Function],
  "findByText": [Function],
  "findByTitle": [Function],
  "getAllByAltText": [Function],
  "getAllByDisplayValue": [Function],
  "getAllByLabelText": [Function],
  "getAllByPlaceholderText": [Function],
  "getAllByRole": [Function],
  "getAllByTestId": [Function],
  "getAllByText": [Function],
  "getAllByTitle": [Function],
  "getByAltText": [Function],
  "getByDisplayValue": [Function],
  "getByLabelText": [Function],
  "getByPlaceholderText": [Function],
  "getByRole": [Function],
  "getByTestId": [Function],
  "getByText": [Function],
  "getByTitle": [Function],
  "queryAllByAltText": [Function],
  "queryAllByDisplayValue": [Function],
  "queryAllByLabelText": [Function],
  "queryAllByPlaceholderText": [Function],
  "queryAllByRole": [Function],
  "queryAllByTestId": [Function],
  "queryAllByText": [Function],
  "queryAllByTitle": [Function],
  "queryByAltText": [Function],
  "queryByDisplayValue": [Function],
  "queryByLabelText": [Function],
  "queryByPlaceholderText": [Function],
  "queryByRole": [Function],
  "queryByTestId": [Function],
  "queryByText": [Function],
  "queryByTitle": [Function],
  "rerender": [Function],
  "unmount": [Function],
}
`;

exports[`Button component tests 3`] = `
Object {
  "asFragment": [Function],
  "baseElement": <body>
    <div>
      <button
        class="btn 
    primary 
    
     
    "
        type="button"
      >
        Primary Button
      </button>
    </div>
    <div>
      <button
        class="btn 
    secondary 
    
     
    "
        type="button"
      >
        Secondary Button
      </button>
    </div>
    <div>
      <button
        class="btn 
    success 
    
     
    "
        type="button"
      >
        Success Button
      </button>
    </div>
    <div>
      <button
        class="btn 
    secondary 
    
     
    "
        type="button"
      >
        Danger Button
      </button>
    </div>
    <div>
      <button
        class="btn 
    info 
    
     
    "
        type="button"
      >
        Info Button
      </button>
    </div>
    <div>
      <button
        class="btn 
    warning 
    
     
    "
        type="button"
      >
        Warning Button
      </button>
    </div>
    <div>
      <button
        class="btn 
    light 
    
     
    "
        type="button"
      >
        Light Button
      </button>
    </div>
  </body>,
  "container": <div>
    <button
      class="btn 
    success 
    
     
    "
      type="button"
    >
      Success Button
    </button>
  </div>,
  "debug": [Function],
  "findAllByAltText": [Function],
  "findAllByDisplayValue": [Function],
  "findAllByLabelText": [Function],
  "findAllByPlaceholderText": [Function],
  "findAllByRole": [Function],
  "findAllByTestId": [Function],
  "findAllByText": [Function],
  "findAllByTitle": [Function],
  "findByAltText": [Function],
  "findByDisplayValue": [Function],
  "findByLabelText": [Function],
  "findByPlaceholderText": [Function],
  "findByRole": [Function],
  "findByTestId": [Function],
  "findByText": [Function],
  "findByTitle": [Function],
  "getAllByAltText": [Function],
  "getAllByDisplayValue": [Function],
  "getAllByLabelText": [Function],
  "getAllByPlaceholderText": [Function],
  "getAllByRole": [Function],
  "getAllByTestId": [Function],
  "getAllByText": [Function],
  "getAllByTitle": [Function],
  "getByAltText": [Function],
  "getByDisplayValue": [Function],
  "getByLabelText": [Function],
  "getByPlaceholderText": [Function],
  "getByRole": [Function],
  "getByTestId": [Function],
  "getByText": [Function],
  "getByTitle": [Function],
  "queryAllByAltText": [Function],
  "queryAllByDisplayValue": [Function],
  "queryAllByLabelText": [Function],
  "queryAllByPlaceholderText": [Function],
  "queryAllByRole": [Function],
  "queryAllByTestId": [Function],
  "queryAllByText": [Function],
  "queryAllByTitle": [Function],
  "queryByAltText": [Function],
  "queryByDisplayValue": [Function],
  "queryByLabelText": [Function],
  "queryByPlaceholderText": [Function],
  "queryByRole": [Function],
  "queryByTestId": [Function],
  "queryByText": [Function],
  "queryByTitle": [Function],
  "rerender": [Function],
  "unmount": [Function],
}
`;

exports[`Button component tests 4`] = `
Object {
  "asFragment": [Function],
  "baseElement": <body>
    <div>
      <button
        class="btn 
    primary 
    
     
    "
        type="button"
      >
        Primary Button
      </button>
    </div>
    <div>
      <button
        class="btn 
    secondary 
    
     
    "
        type="button"
      >
        Secondary Button
      </button>
    </div>
    <div>
      <button
        class="btn 
    success 
    
     
    "
        type="button"
      >
        Success Button
      </button>
    </div>
    <div>
      <button
        class="btn 
    secondary 
    
     
    "
        type="button"
      >
        Danger Button
      </button>
    </div>
    <div>
      <button
        class="btn 
    info 
    
     
    "
        type="button"
      >
        Info Button
      </button>
    </div>
    <div>
      <button
        class="btn 
    warning 
    
     
    "
        type="button"
      >
        Warning Button
      </button>
    </div>
    <div>
      <button
        class="btn 
    light 
    
     
    "
        type="button"
      >
        Light Button
      </button>
    </div>
  </body>,
  "container": <div>
    <button
      class="btn 
    secondary 
    
     
    "
      type="button"
    >
      Danger Button
    </button>
  </div>,
  "debug": [Function],
  "findAllByAltText": [Function],
  "findAllByDisplayValue": [Function],
  "findAllByLabelText": [Function],
  "findAllByPlaceholderText": [Function],
  "findAllByRole": [Function],
  "findAllByTestId": [Function],
  "findAllByText": [Function],
  "findAllByTitle": [Function],
  "findByAltText": [Function],
  "findByDisplayValue": [Function],
  "findByLabelText": [Function],
  "findByPlaceholderText": [Function],
  "findByRole": [Function],
  "findByTestId": [Function],
  "findByText": [Function],
  "findByTitle": [Function],
  "getAllByAltText": [Function],
  "getAllByDisplayValue": [Function],
  "getAllByLabelText": [Function],
  "getAllByPlaceholderText": [Function],
  "getAllByRole": [Function],
  "getAllByTestId": [Function],
  "getAllByText": [Function],
  "getAllByTitle": [Function],
  "getByAltText": [Function],
  "getByDisplayValue": [Function],
  "getByLabelText": [Function],
  "getByPlaceholderText": [Function],
  "getByRole": [Function],
  "getByTestId": [Function],
  "getByText": [Function],
  "getByTitle": [Function],
  "queryAllByAltText": [Function],
  "queryAllByDisplayValue": [Function],
  "queryAllByLabelText": [Function],
  "queryAllByPlaceholderText": [Function],
  "queryAllByRole": [Function],
  "queryAllByTestId": [Function],
  "queryAllByText": [Function],
  "queryAllByTitle": [Function],
  "queryByAltText": [Function],
  "queryByDisplayValue": [Function],
  "queryByLabelText": [Function],
  "queryByPlaceholderText": [Function],
  "queryByRole": [Function],
  "queryByTestId": [Function],
  "queryByText": [Function],
  "queryByTitle": [Function],
  "rerender": [Function],
  "unmount": [Function],
}
`;

exports[`Button component tests 5`] = `
Object {
  "asFragment": [Function],
  "baseElement": <body>
    <div>
      <button
        class="btn 
    primary 
    
     
    "
        type="button"
      >
        Primary Button
      </button>
    </div>
    <div>
      <button
        class="btn 
    secondary 
    
     
    "
        type="button"
      >
        Secondary Button
      </button>
    </div>
    <div>
      <button
        class="btn 
    success 
    
     
    "
        type="button"
      >
        Success Button
      </button>
    </div>
    <div>
      <button
        class="btn 
    secondary 
    
     
    "
        type="button"
      >
        Danger Button
      </button>
    </div>
    <div>
      <button
        class="btn 
    info 
    
     
    "
        type="button"
      >
        Info Button
      </button>
    </div>
    <div>
      <button
        class="btn 
    warning 
    
     
    "
        type="button"
      >
        Warning Button
      </button>
    </div>
    <div>
      <button
        class="btn 
    light 
    
     
    "
        type="button"
      >
        Light Button
      </button>
    </div>
  </body>,
  "container": <div>
    <button
      class="btn 
    info 
    
     
    "
      type="button"
    >
      Info Button
    </button>
  </div>,
  "debug": [Function],
  "findAllByAltText": [Function],
  "findAllByDisplayValue": [Function],
  "findAllByLabelText": [Function],
  "findAllByPlaceholderText": [Function],
  "findAllByRole": [Function],
  "findAllByTestId": [Function],
  "findAllByText": [Function],
  "findAllByTitle": [Function],
  "findByAltText": [Function],
  "findByDisplayValue": [Function],
  "findByLabelText": [Function],
  "findByPlaceholderText": [Function],
  "findByRole": [Function],
  "findByTestId": [Function],
  "findByText": [Function],
  "findByTitle": [Function],
  "getAllByAltText": [Function],
  "getAllByDisplayValue": [Function],
  "getAllByLabelText": [Function],
  "getAllByPlaceholderText": [Function],
  "getAllByRole": [Function],
  "getAllByTestId": [Function],
  "getAllByText": [Function],
  "getAllByTitle": [Function],
  "getByAltText": [Function],
  "getByDisplayValue": [Function],
  "getByLabelText": [Function],
  "getByPlaceholderText": [Function],
  "getByRole": [Function],
  "getByTestId": [Function],
  "getByText": [Function],
  "getByTitle": [Function],
  "queryAllByAltText": [Function],
  "queryAllByDisplayValue": [Function],
  "queryAllByLabelText": [Function],
  "queryAllByPlaceholderText": [Function],
  "queryAllByRole": [Function],
  "queryAllByTestId": [Function],
  "queryAllByText": [Function],
  "queryAllByTitle": [Function],
  "queryByAltText": [Function],
  "queryByDisplayValue": [Function],
  "queryByLabelText": [Function],
  "queryByPlaceholderText": [Function],
  "queryByRole": [Function],
  "queryByTestId": [Function],
  "queryByText": [Function],
  "queryByTitle": [Function],
  "rerender": [Function],
  "unmount": [Function],
}
`;

exports[`Button component tests 6`] = `
Object {
  "asFragment": [Function],
  "baseElement": <body>
    <div>
      <button
        class="btn 
    primary 
    
     
    "
        type="button"
      >
        Primary Button
      </button>
    </div>
    <div>
      <button
        class="btn 
    secondary 
    
     
    "
        type="button"
      >
        Secondary Button
      </button>
    </div>
    <div>
      <button
        class="btn 
    success 
    
     
    "
        type="button"
      >
        Success Button
      </button>
    </div>
    <div>
      <button
        class="btn 
    secondary 
    
     
    "
        type="button"
      >
        Danger Button
      </button>
    </div>
    <div>
      <button
        class="btn 
    info 
    
     
    "
        type="button"
      >
        Info Button
      </button>
    </div>
    <div>
      <button
        class="btn 
    warning 
    
     
    "
        type="button"
      >
        Warning Button
      </button>
    </div>
    <div>
      <button
        class="btn 
    light 
    
     
    "
        type="button"
      >
        Light Button
      </button>
    </div>
  </body>,
  "container": <div>
    <button
      class="btn 
    warning 
    
     
    "
      type="button"
    >
      Warning Button
    </button>
  </div>,
  "debug": [Function],
  "findAllByAltText": [Function],
  "findAllByDisplayValue": [Function],
  "findAllByLabelText": [Function],
  "findAllByPlaceholderText": [Function],
  "findAllByRole": [Function],
  "findAllByTestId": [Function],
  "findAllByText": [Function],
  "findAllByTitle": [Function],
  "findByAltText": [Function],
  "findByDisplayValue": [Function],
  "findByLabelText": [Function],
  "findByPlaceholderText": [Function],
  "findByRole": [Function],
  "findByTestId": [Function],
  "findByText": [Function],
  "findByTitle": [Function],
  "getAllByAltText": [Function],
  "getAllByDisplayValue": [Function],
  "getAllByLabelText": [Function],
  "getAllByPlaceholderText": [Function],
  "getAllByRole": [Function],
  "getAllByTestId": [Function],
  "getAllByText": [Function],
  "getAllByTitle": [Function],
  "getByAltText": [Function],
  "getByDisplayValue": [Function],
  "getByLabelText": [Function],
  "getByPlaceholderText": [Function],
  "getByRole": [Function],
  "getByTestId": [Function],
  "getByText": [Function],
  "getByTitle": [Function],
  "queryAllByAltText": [Function],
  "queryAllByDisplayValue": [Function],
  "queryAllByLabelText": [Function],
  "queryAllByPlaceholderText": [Function],
  "queryAllByRole": [Function],
  "queryAllByTestId": [Function],
  "queryAllByText": [Function],
  "queryAllByTitle": [Function],
  "queryByAltText": [Function],
  "queryByDisplayValue": [Function],
  "queryByLabelText": [Function],
  "queryByPlaceholderText": [Function],
  "queryByRole": [Function],
  "queryByTestId": [Function],
  "queryByText": [Function],
  "queryByTitle": [Function],
  "rerender": [Function],
  "unmount": [Function],
}
`;

exports[`Button component tests 7`] = `
Object {
  "asFragment": [Function],
  "baseElement": <body>
    <div>
      <button
        class="btn 
    primary 
    
     
    "
        type="button"
      >
        Primary Button
      </button>
    </div>
    <div>
      <button
        class="btn 
    secondary 
    
     
    "
        type="button"
      >
        Secondary Button
      </button>
    </div>
    <div>
      <button
        class="btn 
    success 
    
     
    "
        type="button"
      >
        Success Button
      </button>
    </div>
    <div>
      <button
        class="btn 
    secondary 
    
     
    "
        type="button"
      >
        Danger Button
      </button>
    </div>
    <div>
      <button
        class="btn 
    info 
    
     
    "
        type="button"
      >
        Info Button
      </button>
    </div>
    <div>
      <button
        class="btn 
    warning 
    
     
    "
        type="button"
      >
        Warning Button
      </button>
    </div>
    <div>
      <button
        class="btn 
    light 
    
     
    "
        type="button"
      >
        Light Button
      </button>
    </div>
  </body>,
  "container": <div>
    <button
      class="btn 
    light 
    
     
    "
      type="button"
    >
      Light Button
    </button>
  </div>,
  "debug": [Function],
  "findAllByAltText": [Function],
  "findAllByDisplayValue": [Function],
  "findAllByLabelText": [Function],
  "findAllByPlaceholderText": [Function],
  "findAllByRole": [Function],
  "findAllByTestId": [Function],
  "findAllByText": [Function],
  "findAllByTitle": [Function],
  "findByAltText": [Function],
  "findByDisplayValue": [Function],
  "findByLabelText": [Function],
  "findByPlaceholderText": [Function],
  "findByRole": [Function],
  "findByTestId": [Function],
  "findByText": [Function],
  "findByTitle": [Function],
  "getAllByAltText": [Function],
  "getAllByDisplayValue": [Function],
  "getAllByLabelText": [Function],
  "getAllByPlaceholderText": [Function],
  "getAllByRole": [Function],
  "getAllByTestId": [Function],
  "getAllByText": [Function],
  "getAllByTitle": [Function],
  "getByAltText": [Function],
  "getByDisplayValue": [Function],
  "getByLabelText": [Function],
  "getByPlaceholderText": [Function],
  "getByRole": [Function],
  "getByTestId": [Function],
  "getByText": [Function],
  "getByTitle": [Function],
  "queryAllByAltText": [Function],
  "queryAllByDisplayValue": [Function],
  "queryAllByLabelText": [Function],
  "queryAllByPlaceholderText": [Function],
  "queryAllByRole": [Function],
  "queryAllByTestId": [Function],
  "queryAllByText": [Function],
  "queryAllByTitle": [Function],
  "queryByAltText": [Function],
  "queryByDisplayValue": [Function],
  "queryByLabelText": [Function],
  "queryByPlaceholderText": [Function],
  "queryByRole": [Function],
  "queryByTestId": [Function],
  "queryByText": [Function],
  "queryByTitle": [Function],
  "rerender": [Function],
  "unmount": [Function],
}
`;
